ERROR DETAIL: An error occurred during login. Please try again.